Starting at 2023-06-06 22:23:45

EVALUATION: town05
ROUTES: ./leaderboard/data/town05_long/routes_town05_long.xml
SCENARIOS: ./leaderboard/data/town05_long/town05_all_scenarios.json
CHECKPOINT_ENDPOINT: /results/town05.json

Environment:
ACTOR_AMOUNT=town
CARLA_ROOT=carla
CARLA_SERVER=carla/CarlaUE4.sh
CHALLENGE_TRACK_CODENAME=SENSORS
CHECKPOINT_ENDPOINT=/results/town05.json
CONDA_DEFAULT_ENV=tfuse
CONDA_EXE=/opt/conda/bin/conda
CONDA_PREFIX=/opt/conda/envs/tfuse
CONDA_PREFIX_1=/opt/conda
CONDA_PROMPT_MODIFIER=(tfuse) 
CONDA_PYTHON_EXE=/opt/conda/bin/python
CONDA_ROOT=/opt/conda
CONDA_SHLVL=2
CUDA_VERSION=11.3.1
DATAGEN=0
DEBUG_CHALLENGE=0
EVALUATION=town05
HOME=/root
HOSTNAME=8fadea789217
LC_CTYPE=C.UTF-8
LD_LIBRARY_PATH=/usr/local/nvidia/lib:/usr/local/nvidia/lib64
LEADERBOARD_ROOT=./leaderboard
NCCL_VERSION=2.9.9-1
NVARCH=x86_64
NVIDIA_DRIVER_CAPABILITIES=compute,utility
NVIDIA_PRODUCT_NAME=CUDA
NVIDIA_REQUIRE_CUDA=cuda>=11.3 brand=tesla,driver>=418,driver<419 driver>=450
NVIDIA_VISIBLE_DEVICES=0
NV_CUDA_COMPAT_PACKAGE=cuda-compat-11-3
NV_CUDA_CUDART_VERSION=11.3.109-1
NV_CUDA_LIB_VERSION=11.3.1-1
NV_CUDNN_PACKAGE=libcudnn8=8.2.0.53-1+cuda11.3
NV_CUDNN_PACKAGE_NAME=libcudnn8
NV_CUDNN_VERSION=8.2.0.53
NV_LIBCUBLAS_PACKAGE=libcublas-11-3=11.5.1.109-1
NV_LIBCUBLAS_PACKAGE_NAME=libcublas-11-3
NV_LIBCUBLAS_VERSION=11.5.1.109-1
NV_LIBCUSPARSE_VERSION=11.6.0.109-1
NV_LIBNCCL_PACKAGE=libnccl2=2.9.9-1+cuda11.3
NV_LIBNCCL_PACKAGE_NAME=libnccl2
NV_LIBNCCL_PACKAGE_VERSION=2.9.9-1
NV_LIBNPP_PACKAGE=libnpp-11-3=11.3.3.95-1
NV_LIBNPP_VERSION=11.3.3.95-1
NV_NVTX_VERSION=11.3.109-1
PATH=/opt/conda/envs/tfuse/bin:/opt/conda/condabin:/opt/conda/bin:/usr/local/nvidia/bin:/usr/local/cuda/bin:/usr/local/sbin:/usr/local/bin:/usr/sbin:/usr/bin:/sbin:/bin
PWD=/transfuser
PYTHONPATH=carla/PythonAPI/carla/:./scenario_runner:./leaderboard::carla/PythonAPI:carla/PythonAPI/carla:carla/PythonAPI/carla/dist/carla-0.9.14-py3.7-linux-x86_64.egg
PYTHONUNBUFFERED=1
REPETITIONS=1
RESUME=1
ROUTES=./leaderboard/data/town05_long/routes_town05_long.xml
SAVE_PATH=/results/viz
SCENARIOS=./leaderboard/data/town05_long/town05_all_scenarios.json
SCENARIO_RUNNER_ROOT=./scenario_runner
SHLVL=2
TEAM_AGENT=./team_code_transfuser/submission_agent.py
TEAM_CONFIG=/model
TRANSFUSER_DAYTIME_HEADLIGHTS=1
WORK_DIR=.
_=/usr/bin/env
_CE_CONDA=
_CE_M=
---------------------

./leaderboard/leaderboard/leaderboard_evaluator_local.py:92: DeprecationWarning: distutils Version classes are deprecated. Use packaging.version instead.
  if LooseVersion(dist.version) < LooseVersion('0.9.14'):

[1m========= Preparing RouteScenario_16 (repetition 0) =========
> Setting up the agent[0m
SAVE_PATH set to /results/viz/RouteScenario_16_0
/model/model_seed2_39.pth
Downloading: "https://github.com/rwightman/pytorch-image-models/releases/download/v0.1-weights/regnety_032_ra-7f2439f9.pth" to /root/.cache/torch/hub/checkpoints/regnety_032_ra-7f2439f9.pth
Loading model /model/model_seed2_39.pth
/model/model_seed1_39.pth
Loading model /model/model_seed1_39.pth
/model/model_seed3_37.pth
Loading model /model/model_seed3_37.pth
Freezing model cache.
[1m> Loading the world[0m
Loading town Town05
Actor amount: 120
[1m> Enabling ego headlights[0m
[1m> Running the route[0m
/opt/conda/envs/tfuse/lib/python3.7/site-packages/mmdet/models/utils/gaussian_target.py:227: UserWarning: __floordiv__ is deprecated, and its behavior will change in a future version of pytorch. It currently rounds toward 0 (like the 'trunc' function NOT 'floor'). This results in incorrect rounding for negative values. To keep the current behavior, use torch.div(a, b, rounding_mode='trunc'), or for actual floor division, use torch.div(a, b, rounding_mode='floor').
  topk_clses = topk_inds // (height * width)
/opt/conda/envs/tfuse/lib/python3.7/site-packages/mmdet/models/utils/gaussian_target.py:229: UserWarning: __floordiv__ is deprecated, and its behavior will change in a future version of pytorch. It currently rounds toward 0 (like the 'trunc' function NOT 'floor'). This results in incorrect rounding for negative values. To keep the current behavior, use torch.div(a, b, rounding_mode='trunc'), or for actual floor division, use torch.div(a, b, rounding_mode='floor').
  topk_ys = topk_inds // width
[1m> Stopping the route[0m

[1m========= Results of RouteScenario_16 (repetition 0) ------ [91mFAILURE[0m [1m=========[0m

â•’â•â•â•â•â•â•â•â•â•â•â•â•â•â•â•â•â•â•â•â•â•â•â•â•â•â•â•â•â•â•â•â•â•â•¤â•â•â•â•â•â•â•â•â•â•â•â•â•â•â•â•â•â•â•â•â•â••
â”‚ Start Time                      â”‚ 2023-06-06 22:28:05 â”‚
â”œâ”€â”€â”€â”€â”€â”€â”€â”€â”€â”€â”€â”€â”€â”€â”€â”€â”€â”€â”€â”€â”€â”€â”€â”€â”€â”€â”€â”€â”€â”€â”€â”€â”€â”¼â”€â”€â”€â”€â”€â”€â”€â”€â”€â”€â”€â”€â”€â”€â”€â”€â”€â”€â”€â”€â”€â”¤
â”‚ End Time                        â”‚ 2023-06-06 23:40:54 â”‚
â”œâ”€â”€â”€â”€â”€â”€â”€â”€â”€â”€â”€â”€â”€â”€â”€â”€â”€â”€â”€â”€â”€â”€â”€â”€â”€â”€â”€â”€â”€â”€â”€â”€â”€â”¼â”€â”€â”€â”€â”€â”€â”€â”€â”€â”€â”€â”€â”€â”€â”€â”€â”€â”€â”€â”€â”€â”¤
â”‚ Duration (System Time)          â”‚ 4369.45s            â”‚
â”œâ”€â”€â”€â”€â”€â”€â”€â”€â”€â”€â”€â”€â”€â”€â”€â”€â”€â”€â”€â”€â”€â”€â”€â”€â”€â”€â”€â”€â”€â”€â”€â”€â”€â”¼â”€â”€â”€â”€â”€â”€â”€â”€â”€â”€â”€â”€â”€â”€â”€â”€â”€â”€â”€â”€â”€â”¤
â”‚ Duration (Game Time)            â”‚ 500.35s             â”‚
â”œâ”€â”€â”€â”€â”€â”€â”€â”€â”€â”€â”€â”€â”€â”€â”€â”€â”€â”€â”€â”€â”€â”€â”€â”€â”€â”€â”€â”€â”€â”€â”€â”€â”€â”¼â”€â”€â”€â”€â”€â”€â”€â”€â”€â”€â”€â”€â”€â”€â”€â”€â”€â”€â”€â”€â”€â”¤
â”‚ Ratio (System Time / Game Time) â”‚ 0.115               â”‚
â•˜â•â•â•â•â•â•â•â•â•â•â•â•â•â•â•â•â•â•â•â•â•â•â•â•â•â•â•â•â•â•â•â•â•â•§â•â•â•â•â•â•â•â•â•â•â•â•â•â•â•â•â•â•â•â•â•â•›

â•’â•â•â•â•â•â•â•â•â•â•â•â•â•â•â•â•â•â•â•â•â•â•â•â•¤â•â•â•â•â•â•â•â•â•â•¤â•â•â•â•â•â•â•â•â•â••
â”‚ Criterion             â”‚ Result  â”‚ Value   â”‚
â”œâ”€â”€â”€â”€â”€â”€â”€â”€â”€â”€â”€â”€â”€â”€â”€â”€â”€â”€â”€â”€â”€â”€â”€â”¼â”€â”€â”€â”€â”€â”€â”€â”€â”€â”¼â”€â”€â”€â”€â”€â”€â”€â”€â”€â”¤
â”‚ RouteCompletionTest   â”‚ [92mSUCCESS[0m â”‚ 100 %   â”‚
â”œâ”€â”€â”€â”€â”€â”€â”€â”€â”€â”€â”€â”€â”€â”€â”€â”€â”€â”€â”€â”€â”€â”€â”€â”¼â”€â”€â”€â”€â”€â”€â”€â”€â”€â”¼â”€â”€â”€â”€â”€â”€â”€â”€â”€â”¤
â”‚ OutsideRouteLanesTest â”‚ [92mSUCCESS[0m â”‚ 0 %     â”‚
â”œâ”€â”€â”€â”€â”€â”€â”€â”€â”€â”€â”€â”€â”€â”€â”€â”€â”€â”€â”€â”€â”€â”€â”€â”¼â”€â”€â”€â”€â”€â”€â”€â”€â”€â”¼â”€â”€â”€â”€â”€â”€â”€â”€â”€â”¤
â”‚ CollisionTest         â”‚ [92mSUCCESS[0m â”‚ 0 times â”‚
â”œâ”€â”€â”€â”€â”€â”€â”€â”€â”€â”€â”€â”€â”€â”€â”€â”€â”€â”€â”€â”€â”€â”€â”€â”¼â”€â”€â”€â”€â”€â”€â”€â”€â”€â”¼â”€â”€â”€â”€â”€â”€â”€â”€â”€â”¤
â”‚ RunningRedLightTest   â”‚ [92mSUCCESS[0m â”‚ 0 times â”‚
â”œâ”€â”€â”€â”€â”€â”€â”€â”€â”€â”€â”€â”€â”€â”€â”€â”€â”€â”€â”€â”€â”€â”€â”€â”¼â”€â”€â”€â”€â”€â”€â”€â”€â”€â”¼â”€â”€â”€â”€â”€â”€â”€â”€â”€â”¤
â”‚ RunningStopTest       â”‚ [91mFAILURE[0m â”‚ 3 times â”‚
â”œâ”€â”€â”€â”€â”€â”€â”€â”€â”€â”€â”€â”€â”€â”€â”€â”€â”€â”€â”€â”€â”€â”€â”€â”¼â”€â”€â”€â”€â”€â”€â”€â”€â”€â”¼â”€â”€â”€â”€â”€â”€â”€â”€â”€â”¤
â”‚ InRouteTest           â”‚ [92mSUCCESS[0m â”‚         â”‚
â”œâ”€â”€â”€â”€â”€â”€â”€â”€â”€â”€â”€â”€â”€â”€â”€â”€â”€â”€â”€â”€â”€â”€â”€â”¼â”€â”€â”€â”€â”€â”€â”€â”€â”€â”¼â”€â”€â”€â”€â”€â”€â”€â”€â”€â”¤
â”‚ AgentBlockedTest      â”‚ [92mSUCCESS[0m â”‚         â”‚
â”œâ”€â”€â”€â”€â”€â”€â”€â”€â”€â”€â”€â”€â”€â”€â”€â”€â”€â”€â”€â”€â”€â”€â”€â”¼â”€â”€â”€â”€â”€â”€â”€â”€â”€â”¼â”€â”€â”€â”€â”€â”€â”€â”€â”€â”¤
â”‚ Timeout               â”‚ [92mSUCCESS[0m â”‚         â”‚
â•˜â•â•â•â•â•â•â•â•â•â•â•â•â•â•â•â•â•â•â•â•â•â•â•â•§â•â•â•â•â•â•â•â•â•â•§â•â•â•â•â•â•â•â•â•â•›

[1m> Registering the route statistics[0m
_cleanup() started
_cleanup() unsetting sync mode
manager.cleanup()
CarlaDataProvider.cleanup()
_agent_watchdog.stop()
agent_instance.destroy()
_cleanup() finished

[1m========= Preparing RouteScenario_17 (repetition 0) =========
> Setting up the agent[0m
SAVE_PATH set to /results/viz/RouteScenario_17_0
/model/model_seed2_39.pth
Using cached model /model/model_seed2_39.pth
/model/model_seed1_39.pth
Using cached model /model/model_seed1_39.pth
/model/model_seed3_37.pth
Using cached model /model/model_seed3_37.pth
Model cache is already frozen.
[1m> Loading the world[0m
Loading town Town05
Actor amount: 120
[1m> Enabling ego headlights[0m
[1m> Running the route[0m
Watchdog exception - Timeout of 59.0 seconds occured
[1m> Stopping the route[0m
[1m> Registering the route statistics[0m
_cleanup() started
manager.cleanup()
CarlaDataProvider.cleanup()
_agent_watchdog.stop()
agent_instance.destroy()
_cleanup() finished

[1m========= Preparing RouteScenario_18 (repetition 0) =========
> Setting up the agent[0m
SAVE_PATH set to /results/viz/RouteScenario_18_0
/model/model_seed2_39.pth
Using cached model /model/model_seed2_39.pth
/model/model_seed1_39.pth
Using cached model /model/model_seed1_39.pth
/model/model_seed3_37.pth
Using cached model /model/model_seed3_37.pth
Model cache is already frozen.
[1m> Loading the world[0m
Loading town Town05

[91mThe scenario could not be loaded:
> time-out of 60000ms while waiting for the simulator, make sure the simulator is ready and connected to localhost:2000[0m

Traceback (most recent call last):
  File "./leaderboard/leaderboard/leaderboard_evaluator_local.py", line 335, in _load_and_run_scenario
    self._load_and_wait_for_world(args, config.town, config.ego_vehicles)
  File "./leaderboard/leaderboard/leaderboard_evaluator_local.py", line 220, in _load_and_wait_for_world
    self.world = self.client.load_world(town)
RuntimeError: time-out of 60000ms while waiting for the simulator, make sure the simulator is ready and connected to localhost:2000
[1m> Registering the route statistics[0m
_cleanup() started
manager.cleanup()
CarlaDataProvider.cleanup()
_agent_watchdog.stop()
agent_instance.destroy()
_cleanup() finished
_cleanup() started
manager.cleanup()
CarlaDataProvider.cleanup()
_agent_watchdog.stop()
_cleanup() finished

Finished at 2023-06-07 00:12:32

Starting at 2023-06-07 00:12:33

EVALUATION: town05
ROUTES: ./leaderboard/data/town05_long/routes_town05_long.xml
SCENARIOS: ./leaderboard/data/town05_long/town05_all_scenarios.json
CHECKPOINT_ENDPOINT: /results/town05.json

Environment:
ACTOR_AMOUNT=town
CARLA_ROOT=carla
CARLA_SERVER=carla/CarlaUE4.sh
CHALLENGE_TRACK_CODENAME=SENSORS
CHECKPOINT_ENDPOINT=/results/town05.json
CONDA_DEFAULT_ENV=tfuse
CONDA_EXE=/opt/conda/bin/conda
CONDA_PREFIX=/opt/conda/envs/tfuse
CONDA_PREFIX_1=/opt/conda
CONDA_PROMPT_MODIFIER=(tfuse) 
CONDA_PYTHON_EXE=/opt/conda/bin/python
CONDA_ROOT=/opt/conda
CONDA_SHLVL=2
CUDA_VERSION=11.3.1
DATAGEN=0
DEBUG_CHALLENGE=0
EVALUATION=town05
HOME=/root
HOSTNAME=8fadea789217
LC_CTYPE=C.UTF-8
LD_LIBRARY_PATH=/usr/local/nvidia/lib:/usr/local/nvidia/lib64
LEADERBOARD_ROOT=./leaderboard
NCCL_VERSION=2.9.9-1
NVARCH=x86_64
NVIDIA_DRIVER_CAPABILITIES=compute,utility
NVIDIA_PRODUCT_NAME=CUDA
NVIDIA_REQUIRE_CUDA=cuda>=11.3 brand=tesla,driver>=418,driver<419 driver>=450
NVIDIA_VISIBLE_DEVICES=0
NV_CUDA_COMPAT_PACKAGE=cuda-compat-11-3
NV_CUDA_CUDART_VERSION=11.3.109-1
NV_CUDA_LIB_VERSION=11.3.1-1
NV_CUDNN_PACKAGE=libcudnn8=8.2.0.53-1+cuda11.3
NV_CUDNN_PACKAGE_NAME=libcudnn8
NV_CUDNN_VERSION=8.2.0.53
NV_LIBCUBLAS_PACKAGE=libcublas-11-3=11.5.1.109-1
NV_LIBCUBLAS_PACKAGE_NAME=libcublas-11-3
NV_LIBCUBLAS_VERSION=11.5.1.109-1
NV_LIBCUSPARSE_VERSION=11.6.0.109-1
NV_LIBNCCL_PACKAGE=libnccl2=2.9.9-1+cuda11.3
NV_LIBNCCL_PACKAGE_NAME=libnccl2
NV_LIBNCCL_PACKAGE_VERSION=2.9.9-1
NV_LIBNPP_PACKAGE=libnpp-11-3=11.3.3.95-1
NV_LIBNPP_VERSION=11.3.3.95-1
NV_NVTX_VERSION=11.3.109-1
PATH=/opt/conda/envs/tfuse/bin:/opt/conda/condabin:/opt/conda/bin:/usr/local/nvidia/bin:/usr/local/cuda/bin:/usr/local/sbin:/usr/local/bin:/usr/sbin:/usr/bin:/sbin:/bin
PWD=/transfuser
PYTHONPATH=carla/PythonAPI/carla/:./scenario_runner:./leaderboard::carla/PythonAPI:carla/PythonAPI/carla:carla/PythonAPI/carla/dist/carla-0.9.14-py3.7-linux-x86_64.egg
PYTHONUNBUFFERED=1
REPETITIONS=1
RESUME=1
ROUTES=./leaderboard/data/town05_long/routes_town05_long.xml
SAVE_PATH=/results/viz
SCENARIOS=./leaderboard/data/town05_long/town05_all_scenarios.json
SCENARIO_RUNNER_ROOT=./scenario_runner
SHLVL=2
TEAM_AGENT=./team_code_transfuser/submission_agent.py
TEAM_CONFIG=/model
TRANSFUSER_DAYTIME_HEADLIGHTS=1
WORK_DIR=.
_=/usr/bin/env
_CE_CONDA=
_CE_M=
---------------------

./leaderboard/leaderboard/leaderboard_evaluator_local.py:92: DeprecationWarning: distutils Version classes are deprecated. Use packaging.version instead.
  if LooseVersion(dist.version) < LooseVersion('0.9.14'):

[1m========= Preparing RouteScenario_18 (repetition 0) =========
> Setting up the agent[0m
SAVE_PATH set to /results/viz/RouteScenario_18_0
/model/model_seed2_39.pth
Loading model /model/model_seed2_39.pth
/model/model_seed1_39.pth
Loading model /model/model_seed1_39.pth
/model/model_seed3_37.pth
Loading model /model/model_seed3_37.pth
Freezing model cache.
[1m> Loading the world[0m
Loading town Town05
Actor amount: 120
[1m> Enabling ego headlights[0m
[1m> Running the route[0m
/opt/conda/envs/tfuse/lib/python3.7/site-packages/mmdet/models/utils/gaussian_target.py:227: UserWarning: __floordiv__ is deprecated, and its behavior will change in a future version of pytorch. It currently rounds toward 0 (like the 'trunc' function NOT 'floor'). This results in incorrect rounding for negative values. To keep the current behavior, use torch.div(a, b, rounding_mode='trunc'), or for actual floor division, use torch.div(a, b, rounding_mode='floor').
  topk_clses = topk_inds // (height * width)
/opt/conda/envs/tfuse/lib/python3.7/site-packages/mmdet/models/utils/gaussian_target.py:229: UserWarning: __floordiv__ is deprecated, and its behavior will change in a future version of pytorch. It currently rounds toward 0 (like the 'trunc' function NOT 'floor'). This results in incorrect rounding for negative values. To keep the current behavior, use torch.div(a, b, rounding_mode='trunc'), or for actual floor division, use torch.div(a, b, rounding_mode='floor').
  topk_ys = topk_inds // width
Detected agent being stuck. Move for frame:  0
Detected agent being stuck. Move for frame:  1
Detected agent being stuck. Move for frame:  2
Detected agent being stuck. Move for frame:  3
Detected agent being stuck. Move for frame:  4
Detected agent being stuck. Move for frame:  5
Detected agent being stuck. Move for frame:  6
Detected agent being stuck. Move for frame:  7
Detected agent being stuck. Move for frame:  8
Detected agent being stuck. Move for frame:  9
Detected agent being stuck. Move for frame:  10
Detected agent being stuck. Move for frame:  11
Detected agent being stuck. Move for frame:  12
Detected agent being stuck. Move for frame:  13
Detected agent being stuck. Move for frame:  14
[1m> Stopping the route[0m

[1m========= Results of RouteScenario_18 (repetition 0) ------ [91mFAILURE[0m [1m=========[0m

â•’â•â•â•â•â•â•â•â•â•â•â•â•â•â•â•â•â•â•â•â•â•â•â•â•â•â•â•â•â•â•â•â•â•â•¤â•â•â•â•â•â•â•â•â•â•â•â•â•â•â•â•â•â•â•â•â•â••
â”‚ Start Time                      â”‚ 2023-06-07 00:16:27 â”‚
â”œâ”€â”€â”€â”€â”€â”€â”€â”€â”€â”€â”€â”€â”€â”€â”€â”€â”€â”€â”€â”€â”€â”€â”€â”€â”€â”€â”€â”€â”€â”€â”€â”€â”€â”¼â”€â”€â”€â”€â”€â”€â”€â”€â”€â”€â”€â”€â”€â”€â”€â”€â”€â”€â”€â”€â”€â”¤
â”‚ End Time                        â”‚ 2023-06-07 01:27:14 â”‚
â”œâ”€â”€â”€â”€â”€â”€â”€â”€â”€â”€â”€â”€â”€â”€â”€â”€â”€â”€â”€â”€â”€â”€â”€â”€â”€â”€â”€â”€â”€â”€â”€â”€â”€â”¼â”€â”€â”€â”€â”€â”€â”€â”€â”€â”€â”€â”€â”€â”€â”€â”€â”€â”€â”€â”€â”€â”¤
â”‚ Duration (System Time)          â”‚ 4247.21s            â”‚
â”œâ”€â”€â”€â”€â”€â”€â”€â”€â”€â”€â”€â”€â”€â”€â”€â”€â”€â”€â”€â”€â”€â”€â”€â”€â”€â”€â”€â”€â”€â”€â”€â”€â”€â”¼â”€â”€â”€â”€â”€â”€â”€â”€â”€â”€â”€â”€â”€â”€â”€â”€â”€â”€â”€â”€â”€â”¤
â”‚ Duration (Game Time)            â”‚ 587.9s              â”‚
â”œâ”€â”€â”€â”€â”€â”€â”€â”€â”€â”€â”€â”€â”€â”€â”€â”€â”€â”€â”€â”€â”€â”€â”€â”€â”€â”€â”€â”€â”€â”€â”€â”€â”€â”¼â”€â”€â”€â”€â”€â”€â”€â”€â”€â”€â”€â”€â”€â”€â”€â”€â”€â”€â”€â”€â”€â”¤
â”‚ Ratio (System Time / Game Time) â”‚ 0.138               â”‚
â•˜â•â•â•â•â•â•â•â•â•â•â•â•â•â•â•â•â•â•â•â•â•â•â•â•â•â•â•â•â•â•â•â•â•â•§â•â•â•â•â•â•â•â•â•â•â•â•â•â•â•â•â•â•â•â•â•â•›

â•’â•â•â•â•â•â•â•â•â•â•â•â•â•â•â•â•â•â•â•â•â•â•â•â•¤â•â•â•â•â•â•â•â•â•â•¤â•â•â•â•â•â•â•â•â•â••
â”‚ Criterion             â”‚ Result  â”‚ Value   â”‚
â”œâ”€â”€â”€â”€â”€â”€â”€â”€â”€â”€â”€â”€â”€â”€â”€â”€â”€â”€â”€â”€â”€â”€â”€â”¼â”€â”€â”€â”€â”€â”€â”€â”€â”€â”¼â”€â”€â”€â”€â”€â”€â”€â”€â”€â”¤
â”‚ RouteCompletionTest   â”‚ [92mSUCCESS[0m â”‚ 100 %   â”‚
â”œâ”€â”€â”€â”€â”€â”€â”€â”€â”€â”€â”€â”€â”€â”€â”€â”€â”€â”€â”€â”€â”€â”€â”€â”¼â”€â”€â”€â”€â”€â”€â”€â”€â”€â”¼â”€â”€â”€â”€â”€â”€â”€â”€â”€â”¤
â”‚ OutsideRouteLanesTest â”‚ [92mSUCCESS[0m â”‚ 0 %     â”‚
â”œâ”€â”€â”€â”€â”€â”€â”€â”€â”€â”€â”€â”€â”€â”€â”€â”€â”€â”€â”€â”€â”€â”€â”€â”¼â”€â”€â”€â”€â”€â”€â”€â”€â”€â”¼â”€â”€â”€â”€â”€â”€â”€â”€â”€â”¤
â”‚ CollisionTest         â”‚ [91mFAILURE[0m â”‚ 1 times â”‚
â”œâ”€â”€â”€â”€â”€â”€â”€â”€â”€â”€â”€â”€â”€â”€â”€â”€â”€â”€â”€â”€â”€â”€â”€â”¼â”€â”€â”€â”€â”€â”€â”€â”€â”€â”¼â”€â”€â”€â”€â”€â”€â”€â”€â”€â”¤
â”‚ RunningRedLightTest   â”‚ [92mSUCCESS[0m â”‚ 0 times â”‚
â”œâ”€â”€â”€â”€â”€â”€â”€â”€â”€â”€â”€â”€â”€â”€â”€â”€â”€â”€â”€â”€â”€â”€â”€â”¼â”€â”€â”€â”€â”€â”€â”€â”€â”€â”¼â”€â”€â”€â”€â”€â”€â”€â”€â”€â”¤
â”‚ RunningStopTest       â”‚ [91mFAILURE[0m â”‚ 2 times â”‚
â”œâ”€â”€â”€â”€â”€â”€â”€â”€â”€â”€â”€â”€â”€â”€â”€â”€â”€â”€â”€â”€â”€â”€â”€â”¼â”€â”€â”€â”€â”€â”€â”€â”€â”€â”¼â”€â”€â”€â”€â”€â”€â”€â”€â”€â”¤
â”‚ InRouteTest           â”‚ [92mSUCCESS[0m â”‚         â”‚
â”œâ”€â”€â”€â”€â”€â”€â”€â”€â”€â”€â”€â”€â”€â”€â”€â”€â”€â”€â”€â”€â”€â”€â”€â”¼â”€â”€â”€â”€â”€â”€â”€â”€â”€â”¼â”€â”€â”€â”€â”€â”€â”€â”€â”€â”¤
â”‚ AgentBlockedTest      â”‚ [92mSUCCESS[0m â”‚         â”‚
â”œâ”€â”€â”€â”€â”€â”€â”€â”€â”€â”€â”€â”€â”€â”€â”€â”€â”€â”€â”€â”€â”€â”€â”€â”¼â”€â”€â”€â”€â”€â”€â”€â”€â”€â”¼â”€â”€â”€â”€â”€â”€â”€â”€â”€â”¤
â”‚ Timeout               â”‚ [92mSUCCESS[0m â”‚         â”‚
â•˜â•â•â•â•â•â•â•â•â•â•â•â•â•â•â•â•â•â•â•â•â•â•â•â•§â•â•â•â•â•â•â•â•â•â•§â•â•â•â•â•â•â•â•â•â•›

[1m> Registering the route statistics[0m
_cleanup() started
_cleanup() unsetting sync mode
manager.cleanup()
CarlaDataProvider.cleanup()
_agent_watchdog.stop()
agent_instance.destroy()
_cleanup() finished

[1m========= Preparing RouteScenario_19 (repetition 0) =========
> Setting up the agent[0m
SAVE_PATH set to /results/viz/RouteScenario_19_0
/model/model_seed2_39.pth
Using cached model /model/model_seed2_39.pth
/model/model_seed1_39.pth
Using cached model /model/model_seed1_39.pth
/model/model_seed3_37.pth
Using cached model /model/model_seed3_37.pth
Model cache is already frozen.
[1m> Loading the world[0m
Loading town Town05
Actor amount: 120
[1m> Enabling ego headlights[0m
[1m> Running the route[0m
[1m> Stopping the route[0m

[1m========= Results of RouteScenario_19 (repetition 0) ------ [92mSUCCESS[0m [1m=========[0m

â•’â•â•â•â•â•â•â•â•â•â•â•â•â•â•â•â•â•â•â•â•â•â•â•â•â•â•â•â•â•â•â•â•â•â•¤â•â•â•â•â•â•â•â•â•â•â•â•â•â•â•â•â•â•â•â•â•â••
â”‚ Start Time                      â”‚ 2023-06-07 01:32:50 â”‚
â”œâ”€â”€â”€â”€â”€â”€â”€â”€â”€â”€â”€â”€â”€â”€â”€â”€â”€â”€â”€â”€â”€â”€â”€â”€â”€â”€â”€â”€â”€â”€â”€â”€â”€â”¼â”€â”€â”€â”€â”€â”€â”€â”€â”€â”€â”€â”€â”€â”€â”€â”€â”€â”€â”€â”€â”€â”¤
â”‚ End Time                        â”‚ 2023-06-07 02:33:54 â”‚
â”œâ”€â”€â”€â”€â”€â”€â”€â”€â”€â”€â”€â”€â”€â”€â”€â”€â”€â”€â”€â”€â”€â”€â”€â”€â”€â”€â”€â”€â”€â”€â”€â”€â”€â”¼â”€â”€â”€â”€â”€â”€â”€â”€â”€â”€â”€â”€â”€â”€â”€â”€â”€â”€â”€â”€â”€â”¤
â”‚ Duration (System Time)          â”‚ 3664.05s            â”‚
â”œâ”€â”€â”€â”€â”€â”€â”€â”€â”€â”€â”€â”€â”€â”€â”€â”€â”€â”€â”€â”€â”€â”€â”€â”€â”€â”€â”€â”€â”€â”€â”€â”€â”€â”¼â”€â”€â”€â”€â”€â”€â”€â”€â”€â”€â”€â”€â”€â”€â”€â”€â”€â”€â”€â”€â”€â”¤
â”‚ Duration (Game Time)            â”‚ 538.85s             â”‚
â”œâ”€â”€â”€â”€â”€â”€â”€â”€â”€â”€â”€â”€â”€â”€â”€â”€â”€â”€â”€â”€â”€â”€â”€â”€â”€â”€â”€â”€â”€â”€â”€â”€â”€â”¼â”€â”€â”€â”€â”€â”€â”€â”€â”€â”€â”€â”€â”€â”€â”€â”€â”€â”€â”€â”€â”€â”¤
â”‚ Ratio (System Time / Game Time) â”‚ 0.147               â”‚
â•˜â•â•â•â•â•â•â•â•â•â•â•â•â•â•â•â•â•â•â•â•â•â•â•â•â•â•â•â•â•â•â•â•â•â•§â•â•â•â•â•â•â•â•â•â•â•â•â•â•â•â•â•â•â•â•â•â•›

â•’â•â•â•â•â•â•â•â•â•â•â•â•â•â•â•â•â•â•â•â•â•â•â•â•¤â•â•â•â•â•â•â•â•â•â•¤â•â•â•â•â•â•â•â•â•â••
â”‚ Criterion             â”‚ Result  â”‚ Value   â”‚
â”œâ”€â”€â”€â”€â”€â”€â”€â”€â”€â”€â”€â”€â”€â”€â”€â”€â”€â”€â”€â”€â”€â”€â”€â”¼â”€â”€â”€â”€â”€â”€â”€â”€â”€â”¼â”€â”€â”€â”€â”€â”€â”€â”€â”€â”¤
â”‚ RouteCompletionTest   â”‚ [92mSUCCESS[0m â”‚ 100 %   â”‚
â”œâ”€â”€â”€â”€â”€â”€â”€â”€â”€â”€â”€â”€â”€â”€â”€â”€â”€â”€â”€â”€â”€â”€â”€â”¼â”€â”€â”€â”€â”€â”€â”€â”€â”€â”¼â”€â”€â”€â”€â”€â”€â”€â”€â”€â”¤
â”‚ OutsideRouteLanesTest â”‚ [92mSUCCESS[0m â”‚ 0 %     â”‚
â”œâ”€â”€â”€â”€â”€â”€â”€â”€â”€â”€â”€â”€â”€â”€â”€â”€â”€â”€â”€â”€â”€â”€â”€â”¼â”€â”€â”€â”€â”€â”€â”€â”€â”€â”¼â”€â”€â”€â”€â”€â”€â”€â”€â”€â”¤
â”‚ CollisionTest         â”‚ [92mSUCCESS[0m â”‚ 0 times â”‚
â”œâ”€â”€â”€â”€â”€â”€â”€â”€â”€â”€â”€â”€â”€â”€â”€â”€â”€â”€â”€â”€â”€â”€â”€â”¼â”€â”€â”€â”€â”€â”€â”€â”€â”€â”¼â”€â”€â”€â”€â”€â”€â”€â”€â”€â”¤
â”‚ RunningRedLightTest   â”‚ [92mSUCCESS[0m â”‚ 0 times â”‚
â”œâ”€â”€â”€â”€â”€â”€â”€â”€â”€â”€â”€â”€â”€â”€â”€â”€â”€â”€â”€â”€â”€â”€â”€â”¼â”€â”€â”€â”€â”€â”€â”€â”€â”€â”¼â”€â”€â”€â”€â”€â”€â”€â”€â”€â”¤
â”‚ RunningStopTest       â”‚ [92mSUCCESS[0m â”‚ 0 times â”‚
â”œâ”€â”€â”€â”€â”€â”€â”€â”€â”€â”€â”€â”€â”€â”€â”€â”€â”€â”€â”€â”€â”€â”€â”€â”¼â”€â”€â”€â”€â”€â”€â”€â”€â”€â”¼â”€â”€â”€â”€â”€â”€â”€â”€â”€â”¤
â”‚ InRouteTest           â”‚ [92mSUCCESS[0m â”‚         â”‚
â”œâ”€â”€â”€â”€â”€â”€â”€â”€â”€â”€â”€â”€â”€â”€â”€â”€â”€â”€â”€â”€â”€â”€â”€â”¼â”€â”€â”€â”€â”€â”€â”€â”€â”€â”¼â”€â”€â”€â”€â”€â”€â”€â”€â”€â”¤
â”‚ AgentBlockedTest      â”‚ [92mSUCCESS[0m â”‚         â”‚
â”œâ”€â”€â”€â”€â”€â”€â”€â”€â”€â”€â”€â”€â”€â”€â”€â”€â”€â”€â”€â”€â”€â”€â”€â”¼â”€â”€â”€â”€â”€â”€â”€â”€â”€â”¼â”€â”€â”€â”€â”€â”€â”€â”€â”€â”¤
â”‚ Timeout               â”‚ [92mSUCCESS[0m â”‚         â”‚
â•˜â•â•â•â•â•â•â•â•â•â•â•â•â•â•â•â•â•â•â•â•â•â•â•â•§â•â•â•â•â•â•â•â•â•â•§â•â•â•â•â•â•â•â•â•â•›

[1m> Registering the route statistics[0m
_cleanup() started
_cleanup() unsetting sync mode
manager.cleanup()
CarlaDataProvider.cleanup()
_agent_watchdog.stop()
agent_instance.destroy()
_cleanup() finished

[1m========= Preparing RouteScenario_20 (repetition 0) =========
> Setting up the agent[0m
SAVE_PATH set to /results/viz/RouteScenario_20_0
/model/model_seed2_39.pth
Using cached model /model/model_seed2_39.pth
/model/model_seed1_39.pth
Using cached model /model/model_seed1_39.pth
/model/model_seed3_37.pth
Using cached model /model/model_seed3_37.pth
Model cache is already frozen.
[1m> Loading the world[0m
Loading town Town05
Actor amount: 120
[1m> Enabling ego headlights[0m
[1m> Running the route[0m
Detected agent being stuck. Move for frame:  0
Detected agent being stuck. Move for frame:  1
Detected agent being stuck. Move for frame:  2
Detected agent being stuck. Move for frame:  3
Detected agent being stuck. Move for frame:  4
Detected agent being stuck. Move for frame:  5
Detected agent being stuck. Move for frame:  6
Detected agent being stuck. Move for frame:  7
Detected agent being stuck. Move for frame:  8
Detected agent being stuck. Move for frame:  9
Detected agent being stuck. Move for frame:  10
Detected agent being stuck. Move for frame:  11
Detected agent being stuck. Move for frame:  12
Detected agent being stuck. Move for frame:  13
Detected agent being stuck. Move for frame:  14
[1m> Stopping the route[0m

[1m========= Results of RouteScenario_20 (repetition 0) ------ [91mFAILURE[0m [1m=========[0m

â•’â•â•â•â•â•â•â•â•â•â•â•â•â•â•â•â•â•â•â•â•â•â•â•â•â•â•â•â•â•â•â•â•â•â•¤â•â•â•â•â•â•â•â•â•â•â•â•â•â•â•â•â•â•â•â•â•â••
â”‚ Start Time                      â”‚ 2023-06-07 02:38:19 â”‚
â”œâ”€â”€â”€â”€â”€â”€â”€â”€â”€â”€â”€â”€â”€â”€â”€â”€â”€â”€â”€â”€â”€â”€â”€â”€â”€â”€â”€â”€â”€â”€â”€â”€â”€â”¼â”€â”€â”€â”€â”€â”€â”€â”€â”€â”€â”€â”€â”€â”€â”€â”€â”€â”€â”€â”€â”€â”¤
â”‚ End Time                        â”‚ 2023-06-07 03:33:31 â”‚
â”œâ”€â”€â”€â”€â”€â”€â”€â”€â”€â”€â”€â”€â”€â”€â”€â”€â”€â”€â”€â”€â”€â”€â”€â”€â”€â”€â”€â”€â”€â”€â”€â”€â”€â”¼â”€â”€â”€â”€â”€â”€â”€â”€â”€â”€â”€â”€â”€â”€â”€â”€â”€â”€â”€â”€â”€â”¤
â”‚ Duration (System Time)          â”‚ 3312.3s             â”‚
â”œâ”€â”€â”€â”€â”€â”€â”€â”€â”€â”€â”€â”€â”€â”€â”€â”€â”€â”€â”€â”€â”€â”€â”€â”€â”€â”€â”€â”€â”€â”€â”€â”€â”€â”¼â”€â”€â”€â”€â”€â”€â”€â”€â”€â”€â”€â”€â”€â”€â”€â”€â”€â”€â”€â”€â”€â”¤
â”‚ Duration (Game Time)            â”‚ 482.45s             â”‚
â”œâ”€â”€â”€â”€â”€â”€â”€â”€â”€â”€â”€â”€â”€â”€â”€â”€â”€â”€â”€â”€â”€â”€â”€â”€â”€â”€â”€â”€â”€â”€â”€â”€â”€â”¼â”€â”€â”€â”€â”€â”€â”€â”€â”€â”€â”€â”€â”€â”€â”€â”€â”€â”€â”€â”€â”€â”¤
â”‚ Ratio (System Time / Game Time) â”‚ 0.146               â”‚
â•˜â•â•â•â•â•â•â•â•â•â•â•â•â•â•â•â•â•â•â•â•â•â•â•â•â•â•â•â•â•â•â•â•â•â•§â•â•â•â•â•â•â•â•â•â•â•â•â•â•â•â•â•â•â•â•â•â•›

â•’â•â•â•â•â•â•â•â•â•â•â•â•â•â•â•â•â•â•â•â•â•â•â•â•¤â•â•â•â•â•â•â•â•â•â•¤â•â•â•â•â•â•â•â•â•â••
â”‚ Criterion             â”‚ Result  â”‚ Value   â”‚
â”œâ”€â”€â”€â”€â”€â”€â”€â”€â”€â”€â”€â”€â”€â”€â”€â”€â”€â”€â”€â”€â”€â”€â”€â”¼â”€â”€â”€â”€â”€â”€â”€â”€â”€â”¼â”€â”€â”€â”€â”€â”€â”€â”€â”€â”¤
â”‚ RouteCompletionTest   â”‚ [92mSUCCESS[0m â”‚ 100 %   â”‚
â”œâ”€â”€â”€â”€â”€â”€â”€â”€â”€â”€â”€â”€â”€â”€â”€â”€â”€â”€â”€â”€â”€â”€â”€â”¼â”€â”€â”€â”€â”€â”€â”€â”€â”€â”¼â”€â”€â”€â”€â”€â”€â”€â”€â”€â”¤
â”‚ OutsideRouteLanesTest â”‚ [92mSUCCESS[0m â”‚ 0 %     â”‚
â”œâ”€â”€â”€â”€â”€â”€â”€â”€â”€â”€â”€â”€â”€â”€â”€â”€â”€â”€â”€â”€â”€â”€â”€â”¼â”€â”€â”€â”€â”€â”€â”€â”€â”€â”¼â”€â”€â”€â”€â”€â”€â”€â”€â”€â”¤
â”‚ CollisionTest         â”‚ [92mSUCCESS[0m â”‚ 0 times â”‚
â”œâ”€â”€â”€â”€â”€â”€â”€â”€â”€â”€â”€â”€â”€â”€â”€â”€â”€â”€â”€â”€â”€â”€â”€â”¼â”€â”€â”€â”€â”€â”€â”€â”€â”€â”¼â”€â”€â”€â”€â”€â”€â”€â”€â”€â”¤
â”‚ RunningRedLightTest   â”‚ [92mSUCCESS[0m â”‚ 0 times â”‚
â”œâ”€â”€â”€â”€â”€â”€â”€â”€â”€â”€â”€â”€â”€â”€â”€â”€â”€â”€â”€â”€â”€â”€â”€â”¼â”€â”€â”€â”€â”€â”€â”€â”€â”€â”¼â”€â”€â”€â”€â”€â”€â”€â”€â”€â”¤
â”‚ RunningStopTest       â”‚ [91mFAILURE[0m â”‚ 2 times â”‚
â”œâ”€â”€â”€â”€â”€â”€â”€â”€â”€â”€â”€â”€â”€â”€â”€â”€â”€â”€â”€â”€â”€â”€â”€â”¼â”€â”€â”€â”€â”€â”€â”€â”€â”€â”¼â”€â”€â”€â”€â”€â”€â”€â”€â”€â”¤
â”‚ InRouteTest           â”‚ [92mSUCCESS[0m â”‚         â”‚
â”œâ”€â”€â”€â”€â”€â”€â”€â”€â”€â”€â”€â”€â”€â”€â”€â”€â”€â”€â”€â”€â”€â”€â”€â”¼â”€â”€â”€â”€â”€â”€â”€â”€â”€â”¼â”€â”€â”€â”€â”€â”€â”€â”€â”€â”¤
â”‚ AgentBlockedTest      â”‚ [92mSUCCESS[0m â”‚         â”‚
â”œâ”€â”€â”€â”€â”€â”€â”€â”€â”€â”€â”€â”€â”€â”€â”€â”€â”€â”€â”€â”€â”€â”€â”€â”¼â”€â”€â”€â”€â”€â”€â”€â”€â”€â”¼â”€â”€â”€â”€â”€â”€â”€â”€â”€â”¤
â”‚ Timeout               â”‚ [92mSUCCESS[0m â”‚         â”‚
â•˜â•â•â•â•â•â•â•â•â•â•â•â•â•â•â•â•â•â•â•â•â•â•â•â•§â•â•â•â•â•â•â•â•â•â•§â•â•â•â•â•â•â•â•â•â•›

[1m> Registering the route statistics[0m
_cleanup() started
_cleanup() unsetting sync mode
manager.cleanup()
CarlaDataProvider.cleanup()
_agent_watchdog.stop()
agent_instance.destroy()
_cleanup() finished

[1m========= Preparing RouteScenario_21 (repetition 0) =========
> Setting up the agent[0m
SAVE_PATH set to /results/viz/RouteScenario_21_0
/model/model_seed2_39.pth
Using cached model /model/model_seed2_39.pth
/model/model_seed1_39.pth
Using cached model /model/model_seed1_39.pth
/model/model_seed3_37.pth
Using cached model /model/model_seed3_37.pth
Model cache is already frozen.
[1m> Loading the world[0m
Loading town Town05
Actor amount: 120
[1m> Enabling ego headlights[0m
[1m> Running the route[0m
[1m> Stopping the route[0m

[1m========= Results of RouteScenario_21 (repetition 0) ------ [91mFAILURE[0m [1m=========[0m

â•’â•â•â•â•â•â•â•â•â•â•â•â•â•â•â•â•â•â•â•â•â•â•â•â•â•â•â•â•â•â•â•â•â•â•¤â•â•â•â•â•â•â•â•â•â•â•â•â•â•â•â•â•â•â•â•â•â••
â”‚ Start Time                      â”‚ 2023-06-07 03:35:44 â”‚
â”œâ”€â”€â”€â”€â”€â”€â”€â”€â”€â”€â”€â”€â”€â”€â”€â”€â”€â”€â”€â”€â”€â”€â”€â”€â”€â”€â”€â”€â”€â”€â”€â”€â”€â”¼â”€â”€â”€â”€â”€â”€â”€â”€â”€â”€â”€â”€â”€â”€â”€â”€â”€â”€â”€â”€â”€â”¤
â”‚ End Time                        â”‚ 2023-06-07 04:10:59 â”‚
â”œâ”€â”€â”€â”€â”€â”€â”€â”€â”€â”€â”€â”€â”€â”€â”€â”€â”€â”€â”€â”€â”€â”€â”€â”€â”€â”€â”€â”€â”€â”€â”€â”€â”€â”¼â”€â”€â”€â”€â”€â”€â”€â”€â”€â”€â”€â”€â”€â”€â”€â”€â”€â”€â”€â”€â”€â”¤
â”‚ Duration (System Time)          â”‚ 2115.44s            â”‚
â”œâ”€â”€â”€â”€â”€â”€â”€â”€â”€â”€â”€â”€â”€â”€â”€â”€â”€â”€â”€â”€â”€â”€â”€â”€â”€â”€â”€â”€â”€â”€â”€â”€â”€â”¼â”€â”€â”€â”€â”€â”€â”€â”€â”€â”€â”€â”€â”€â”€â”€â”€â”€â”€â”€â”€â”€â”¤
â”‚ Duration (Game Time)            â”‚ 255.9s              â”‚
â”œâ”€â”€â”€â”€â”€â”€â”€â”€â”€â”€â”€â”€â”€â”€â”€â”€â”€â”€â”€â”€â”€â”€â”€â”€â”€â”€â”€â”€â”€â”€â”€â”€â”€â”¼â”€â”€â”€â”€â”€â”€â”€â”€â”€â”€â”€â”€â”€â”€â”€â”€â”€â”€â”€â”€â”€â”¤
â”‚ Ratio (System Time / Game Time) â”‚ 0.121               â”‚
â•˜â•â•â•â•â•â•â•â•â•â•â•â•â•â•â•â•â•â•â•â•â•â•â•â•â•â•â•â•â•â•â•â•â•â•§â•â•â•â•â•â•â•â•â•â•â•â•â•â•â•â•â•â•â•â•â•â•›

â•’â•â•â•â•â•â•â•â•â•â•â•â•â•â•â•â•â•â•â•â•â•â•â•â•¤â•â•â•â•â•â•â•â•â•â•¤â•â•â•â•â•â•â•â•â•â••
â”‚ Criterion             â”‚ Result  â”‚ Value   â”‚
â”œâ”€â”€â”€â”€â”€â”€â”€â”€â”€â”€â”€â”€â”€â”€â”€â”€â”€â”€â”€â”€â”€â”€â”€â”¼â”€â”€â”€â”€â”€â”€â”€â”€â”€â”¼â”€â”€â”€â”€â”€â”€â”€â”€â”€â”¤
â”‚ RouteCompletionTest   â”‚ [92mSUCCESS[0m â”‚ 100 %   â”‚
â”œâ”€â”€â”€â”€â”€â”€â”€â”€â”€â”€â”€â”€â”€â”€â”€â”€â”€â”€â”€â”€â”€â”€â”€â”¼â”€â”€â”€â”€â”€â”€â”€â”€â”€â”¼â”€â”€â”€â”€â”€â”€â”€â”€â”€â”¤
â”‚ OutsideRouteLanesTest â”‚ [92mSUCCESS[0m â”‚ 0 %     â”‚
â”œâ”€â”€â”€â”€â”€â”€â”€â”€â”€â”€â”€â”€â”€â”€â”€â”€â”€â”€â”€â”€â”€â”€â”€â”¼â”€â”€â”€â”€â”€â”€â”€â”€â”€â”¼â”€â”€â”€â”€â”€â”€â”€â”€â”€â”¤
â”‚ CollisionTest         â”‚ [92mSUCCESS[0m â”‚ 0 times â”‚
â”œâ”€â”€â”€â”€â”€â”€â”€â”€â”€â”€â”€â”€â”€â”€â”€â”€â”€â”€â”€â”€â”€â”€â”€â”¼â”€â”€â”€â”€â”€â”€â”€â”€â”€â”¼â”€â”€â”€â”€â”€â”€â”€â”€â”€â”¤
â”‚ RunningRedLightTest   â”‚ [92mSUCCESS[0m â”‚ 0 times â”‚
â”œâ”€â”€â”€â”€â”€â”€â”€â”€â”€â”€â”€â”€â”€â”€â”€â”€â”€â”€â”€â”€â”€â”€â”€â”¼â”€â”€â”€â”€â”€â”€â”€â”€â”€â”¼â”€â”€â”€â”€â”€â”€â”€â”€â”€â”¤
â”‚ RunningStopTest       â”‚ [91mFAILURE[0m â”‚ 1 times â”‚
â”œâ”€â”€â”€â”€â”€â”€â”€â”€â”€â”€â”€â”€â”€â”€â”€â”€â”€â”€â”€â”€â”€â”€â”€â”¼â”€â”€â”€â”€â”€â”€â”€â”€â”€â”¼â”€â”€â”€â”€â”€â”€â”€â”€â”€â”¤
â”‚ InRouteTest           â”‚ [92mSUCCESS[0m â”‚         â”‚
â”œâ”€â”€â”€â”€â”€â”€â”€â”€â”€â”€â”€â”€â”€â”€â”€â”€â”€â”€â”€â”€â”€â”€â”€â”¼â”€â”€â”€â”€â”€â”€â”€â”€â”€â”¼â”€â”€â”€â”€â”€â”€â”€â”€â”€â”¤
â”‚ AgentBlockedTest      â”‚ [92mSUCCESS[0m â”‚         â”‚
â”œâ”€â”€â”€â”€â”€â”€â”€â”€â”€â”€â”€â”€â”€â”€â”€â”€â”€â”€â”€â”€â”€â”€â”€â”¼â”€â”€â”€â”€â”€â”€â”€â”€â”€â”¼â”€â”€â”€â”€â”€â”€â”€â”€â”€â”¤
â”‚ Timeout               â”‚ [92mSUCCESS[0m â”‚         â”‚
â•˜â•â•â•â•â•â•â•â•â•â•â•â•â•â•â•â•â•â•â•â•â•â•â•â•§â•â•â•â•â•â•â•â•â•â•§â•â•â•â•â•â•â•â•â•â•›

[1m> Registering the route statistics[0m
_cleanup() started
_cleanup() unsetting sync mode
manager.cleanup()
CarlaDataProvider.cleanup()
_agent_watchdog.stop()
agent_instance.destroy()
_cleanup() finished

[1m========= Preparing RouteScenario_22 (repetition 0) =========
> Setting up the agent[0m
SAVE_PATH set to /results/viz/RouteScenario_22_0
/model/model_seed2_39.pth
Using cached model /model/model_seed2_39.pth
/model/model_seed1_39.pth
Using cached model /model/model_seed1_39.pth
/model/model_seed3_37.pth
Using cached model /model/model_seed3_37.pth
Model cache is already frozen.
[1m> Loading the world[0m
Loading town Town05
Actor amount: 120
[1m> Enabling ego headlights[0m
[1m> Running the route[0m
Detected agent being stuck. Move for frame:  0
Detected agent being stuck. Move for frame:  1
Detected agent being stuck. Move for frame:  2
Detected agent being stuck. Move for frame:  3
Detected agent being stuck. Move for frame:  4
Detected agent being stuck. Move for frame:  5
Detected agent being stuck. Move for frame:  6
Detected agent being stuck. Move for frame:  7
Detected agent being stuck. Move for frame:  8
Detected agent being stuck. Move for frame:  9
Detected agent being stuck. Move for frame:  10
Detected agent being stuck. Move for frame:  11
Detected agent being stuck. Move for frame:  12
Detected agent being stuck. Move for frame:  13
Detected agent being stuck. Move for frame:  14
Detected agent being stuck. Move for frame:  0
Detected agent being stuck. Move for frame:  1
Detected agent being stuck. Move for frame:  2
Detected agent being stuck. Move for frame:  3
Detected agent being stuck. Move for frame:  4
Detected agent being stuck. Move for frame:  5
Detected agent being stuck. Move for frame:  6
Detected agent being stuck. Move for frame:  7
Detected agent being stuck. Move for frame:  8
Detected agent being stuck. Move for frame:  9
Detected agent being stuck. Move for frame:  10
Detected agent being stuck. Move for frame:  11
Detected agent being stuck. Move for frame:  12
Detected agent being stuck. Move for frame:  13
Detected agent being stuck. Move for frame:  14
[1m> Stopping the route[0m

[1m========= Results of RouteScenario_22 (repetition 0) ------ [91mFAILURE[0m [1m=========[0m

â•’â•â•â•â•â•â•â•â•â•â•â•â•â•â•â•â•â•â•â•â•â•â•â•â•â•â•â•â•â•â•â•â•â•â•¤â•â•â•â•â•â•â•â•â•â•â•â•â•â•â•â•â•â•â•â•â•â••
â”‚ Start Time                      â”‚ 2023-06-07 04:14:32 â”‚
â”œâ”€â”€â”€â”€â”€â”€â”€â”€â”€â”€â”€â”€â”€â”€â”€â”€â”€â”€â”€â”€â”€â”€â”€â”€â”€â”€â”€â”€â”€â”€â”€â”€â”€â”¼â”€â”€â”€â”€â”€â”€â”€â”€â”€â”€â”€â”€â”€â”€â”€â”€â”€â”€â”€â”€â”€â”¤
â”‚ End Time                        â”‚ 2023-06-07 05:25:57 â”‚
â”œâ”€â”€â”€â”€â”€â”€â”€â”€â”€â”€â”€â”€â”€â”€â”€â”€â”€â”€â”€â”€â”€â”€â”€â”€â”€â”€â”€â”€â”€â”€â”€â”€â”€â”¼â”€â”€â”€â”€â”€â”€â”€â”€â”€â”€â”€â”€â”€â”€â”€â”€â”€â”€â”€â”€â”€â”¤
â”‚ Duration (System Time)          â”‚ 4284.99s            â”‚
â”œâ”€â”€â”€â”€â”€â”€â”€â”€â”€â”€â”€â”€â”€â”€â”€â”€â”€â”€â”€â”€â”€â”€â”€â”€â”€â”€â”€â”€â”€â”€â”€â”€â”€â”¼â”€â”€â”€â”€â”€â”€â”€â”€â”€â”€â”€â”€â”€â”€â”€â”€â”€â”€â”€â”€â”€â”¤
â”‚ Duration (Game Time)            â”‚ 599.75s             â”‚
â”œâ”€â”€â”€â”€â”€â”€â”€â”€â”€â”€â”€â”€â”€â”€â”€â”€â”€â”€â”€â”€â”€â”€â”€â”€â”€â”€â”€â”€â”€â”€â”€â”€â”€â”¼â”€â”€â”€â”€â”€â”€â”€â”€â”€â”€â”€â”€â”€â”€â”€â”€â”€â”€â”€â”€â”€â”¤
â”‚ Ratio (System Time / Game Time) â”‚ 0.14                â”‚
â•˜â•â•â•â•â•â•â•â•â•â•â•â•â•â•â•â•â•â•â•â•â•â•â•â•â•â•â•â•â•â•â•â•â•â•§â•â•â•â•â•â•â•â•â•â•â•â•â•â•â•â•â•â•â•â•â•â•›

â•’â•â•â•â•â•â•â•â•â•â•â•â•â•â•â•â•â•â•â•â•â•â•â•â•¤â•â•â•â•â•â•â•â•â•â•¤â•â•â•â•â•â•â•â•â•â••
â”‚ Criterion             â”‚ Result  â”‚ Value   â”‚
â”œâ”€â”€â”€â”€â”€â”€â”€â”€â”€â”€â”€â”€â”€â”€â”€â”€â”€â”€â”€â”€â”€â”€â”€â”¼â”€â”€â”€â”€â”€â”€â”€â”€â”€â”¼â”€â”€â”€â”€â”€â”€â”€â”€â”€â”¤
â”‚ RouteCompletionTest   â”‚ [92mSUCCESS[0m â”‚ 100 %   â”‚
â”œâ”€â”€â”€â”€â”€â”€â”€â”€â”€â”€â”€â”€â”€â”€â”€â”€â”€â”€â”€â”€â”€â”€â”€â”¼â”€â”€â”€â”€â”€â”€â”€â”€â”€â”¼â”€â”€â”€â”€â”€â”€â”€â”€â”€â”¤
â”‚ OutsideRouteLanesTest â”‚ [92mSUCCESS[0m â”‚ 0 %     â”‚
â”œâ”€â”€â”€â”€â”€â”€â”€â”€â”€â”€â”€â”€â”€â”€â”€â”€â”€â”€â”€â”€â”€â”€â”€â”¼â”€â”€â”€â”€â”€â”€â”€â”€â”€â”¼â”€â”€â”€â”€â”€â”€â”€â”€â”€â”¤
â”‚ CollisionTest         â”‚ [92mSUCCESS[0m â”‚ 0 times â”‚
â”œâ”€â”€â”€â”€â”€â”€â”€â”€â”€â”€â”€â”€â”€â”€â”€â”€â”€â”€â”€â”€â”€â”€â”€â”¼â”€â”€â”€â”€â”€â”€â”€â”€â”€â”¼â”€â”€â”€â”€â”€â”€â”€â”€â”€â”¤
â”‚ RunningRedLightTest   â”‚ [91mFAILURE[0m â”‚ 1 times â”‚
â”œâ”€â”€â”€â”€â”€â”€â”€â”€â”€â”€â”€â”€â”€â”€â”€â”€â”€â”€â”€â”€â”€â”€â”€â”¼â”€â”€â”€â”€â”€â”€â”€â”€â”€â”¼â”€â”€â”€â”€â”€â”€â”€â”€â”€â”¤
â”‚ RunningStopTest       â”‚ [92mSUCCESS[0m â”‚ 0 times â”‚
â”œâ”€â”€â”€â”€â”€â”€â”€â”€â”€â”€â”€â”€â”€â”€â”€â”€â”€â”€â”€â”€â”€â”€â”€â”¼â”€â”€â”€â”€â”€â”€â”€â”€â”€â”¼â”€â”€â”€â”€â”€â”€â”€â”€â”€â”¤
â”‚ InRouteTest           â”‚ [92mSUCCESS[0m â”‚         â”‚
â”œâ”€â”€â”€â”€â”€â”€â”€â”€â”€â”€â”€â”€â”€â”€â”€â”€â”€â”€â”€â”€â”€â”€â”€â”¼â”€â”€â”€â”€â”€â”€â”€â”€â”€â”¼â”€â”€â”€â”€â”€â”€â”€â”€â”€â”¤
â”‚ AgentBlockedTest      â”‚ [92mSUCCESS[0m â”‚         â”‚
â”œâ”€â”€â”€â”€â”€â”€â”€â”€â”€â”€â”€â”€â”€â”€â”€â”€â”€â”€â”€â”€â”€â”€â”€â”¼â”€â”€â”€â”€â”€â”€â”€â”€â”€â”¼â”€â”€â”€â”€â”€â”€â”€â”€â”€â”¤
â”‚ Timeout               â”‚ [92mSUCCESS[0m â”‚         â”‚
â•˜â•â•â•â•â•â•â•â•â•â•â•â•â•â•â•â•â•â•â•â•â•â•â•â•§â•â•â•â•â•â•â•â•â•â•§â•â•â•â•â•â•â•â•â•â•›

[1m> Registering the route statistics[0m
_cleanup() started
_cleanup() unsetting sync mode
manager.cleanup()
CarlaDataProvider.cleanup()
_agent_watchdog.stop()
agent_instance.destroy()
_cleanup() finished

[1m========= Preparing RouteScenario_23 (repetition 0) =========
> Setting up the agent[0m
SAVE_PATH set to /results/viz/RouteScenario_23_0
/model/model_seed2_39.pth
Using cached model /model/model_seed2_39.pth
/model/model_seed1_39.pth
Using cached model /model/model_seed1_39.pth
/model/model_seed3_37.pth
Using cached model /model/model_seed3_37.pth
Model cache is already frozen.
[1m> Loading the world[0m
Loading town Town05
Actor amount: 120
[1m> Enabling ego headlights[0m
[1m> Running the route[0m
[1m> Stopping the route[0m

[1m========= Results of RouteScenario_23 (repetition 0) ------ [91mFAILURE[0m [1m=========[0m

â•’â•â•â•â•â•â•â•â•â•â•â•â•â•â•â•â•â•â•â•â•â•â•â•â•â•â•â•â•â•â•â•â•â•â•¤â•â•â•â•â•â•â•â•â•â•â•â•â•â•â•â•â•â•â•â•â•â••
â”‚ Start Time                      â”‚ 2023-06-07 05:30:26 â”‚
â”œâ”€â”€â”€â”€â”€â”€â”€â”€â”€â”€â”€â”€â”€â”€â”€â”€â”€â”€â”€â”€â”€â”€â”€â”€â”€â”€â”€â”€â”€â”€â”€â”€â”€â”¼â”€â”€â”€â”€â”€â”€â”€â”€â”€â”€â”€â”€â”€â”€â”€â”€â”€â”€â”€â”€â”€â”¤
â”‚ End Time                        â”‚ 2023-06-07 06:56:22 â”‚
â”œâ”€â”€â”€â”€â”€â”€â”€â”€â”€â”€â”€â”€â”€â”€â”€â”€â”€â”€â”€â”€â”€â”€â”€â”€â”€â”€â”€â”€â”€â”€â”€â”€â”€â”¼â”€â”€â”€â”€â”€â”€â”€â”€â”€â”€â”€â”€â”€â”€â”€â”€â”€â”€â”€â”€â”€â”¤
â”‚ Duration (System Time)          â”‚ 5155.69s            â”‚
â”œâ”€â”€â”€â”€â”€â”€â”€â”€â”€â”€â”€â”€â”€â”€â”€â”€â”€â”€â”€â”€â”€â”€â”€â”€â”€â”€â”€â”€â”€â”€â”€â”€â”€â”¼â”€â”€â”€â”€â”€â”€â”€â”€â”€â”€â”€â”€â”€â”€â”€â”€â”€â”€â”€â”€â”€â”¤
â”‚ Duration (Game Time)            â”‚ 683.1s              â”‚
â”œâ”€â”€â”€â”€â”€â”€â”€â”€â”€â”€â”€â”€â”€â”€â”€â”€â”€â”€â”€â”€â”€â”€â”€â”€â”€â”€â”€â”€â”€â”€â”€â”€â”€â”¼â”€â”€â”€â”€â”€â”€â”€â”€â”€â”€â”€â”€â”€â”€â”€â”€â”€â”€â”€â”€â”€â”¤
â”‚ Ratio (System Time / Game Time) â”‚ 0.132               â”‚
â•˜â•â•â•â•â•â•â•â•â•â•â•â•â•â•â•â•â•â•â•â•â•â•â•â•â•â•â•â•â•â•â•â•â•â•§â•â•â•â•â•â•â•â•â•â•â•â•â•â•â•â•â•â•â•â•â•â•›

â•’â•â•â•â•â•â•â•â•â•â•â•â•â•â•â•â•â•â•â•â•â•â•â•â•¤â•â•â•â•â•â•â•â•â•â•¤â•â•â•â•â•â•â•â•â•â••
â”‚ Criterion             â”‚ Result  â”‚ Value   â”‚
â”œâ”€â”€â”€â”€â”€â”€â”€â”€â”€â”€â”€â”€â”€â”€â”€â”€â”€â”€â”€â”€â”€â”€â”€â”¼â”€â”€â”€â”€â”€â”€â”€â”€â”€â”¼â”€â”€â”€â”€â”€â”€â”€â”€â”€â”¤
â”‚ RouteCompletionTest   â”‚ [92mSUCCESS[0m â”‚ 100 %   â”‚
â”œâ”€â”€â”€â”€â”€â”€â”€â”€â”€â”€â”€â”€â”€â”€â”€â”€â”€â”€â”€â”€â”€â”€â”€â”¼â”€â”€â”€â”€â”€â”€â”€â”€â”€â”¼â”€â”€â”€â”€â”€â”€â”€â”€â”€â”¤
â”‚ OutsideRouteLanesTest â”‚ [92mSUCCESS[0m â”‚ 0 %     â”‚
â”œâ”€â”€â”€â”€â”€â”€â”€â”€â”€â”€â”€â”€â”€â”€â”€â”€â”€â”€â”€â”€â”€â”€â”€â”¼â”€â”€â”€â”€â”€â”€â”€â”€â”€â”¼â”€â”€â”€â”€â”€â”€â”€â”€â”€â”¤
â”‚ CollisionTest         â”‚ [92mSUCCESS[0m â”‚ 0 times â”‚
â”œâ”€â”€â”€â”€â”€â”€â”€â”€â”€â”€â”€â”€â”€â”€â”€â”€â”€â”€â”€â”€â”€â”€â”€â”¼â”€â”€â”€â”€â”€â”€â”€â”€â”€â”¼â”€â”€â”€â”€â”€â”€â”€â”€â”€â”¤
â”‚ RunningRedLightTest   â”‚ [92mSUCCESS[0m â”‚ 0 times â”‚
â”œâ”€â”€â”€â”€â”€â”€â”€â”€â”€â”€â”€â”€â”€â”€â”€â”€â”€â”€â”€â”€â”€â”€â”€â”¼â”€â”€â”€â”€â”€â”€â”€â”€â”€â”¼â”€â”€â”€â”€â”€â”€â”€â”€â”€â”¤
â”‚ RunningStopTest       â”‚ [91mFAILURE[0m â”‚ 2 times â”‚
â”œâ”€â”€â”€â”€â”€â”€â”€â”€â”€â”€â”€â”€â”€â”€â”€â”€â”€â”€â”€â”€â”€â”€â”€â”¼â”€â”€â”€â”€â”€â”€â”€â”€â”€â”¼â”€â”€â”€â”€â”€â”€â”€â”€â”€â”¤
â”‚ InRouteTest           â”‚ [92mSUCCESS[0m â”‚         â”‚
â”œâ”€â”€â”€â”€â”€â”€â”€â”€â”€â”€â”€â”€â”€â”€â”€â”€â”€â”€â”€â”€â”€â”€â”€â”¼â”€â”€â”€â”€â”€â”€â”€â”€â”€â”¼â”€â”€â”€â”€â”€â”€â”€â”€â”€â”¤
â”‚ AgentBlockedTest      â”‚ [92mSUCCESS[0m â”‚         â”‚
â”œâ”€â”€â”€â”€â”€â”€â”€â”€â”€â”€â”€â”€â”€â”€â”€â”€â”€â”€â”€â”€â”€â”€â”€â”¼â”€â”€â”€â”€â”€â”€â”€â”€â”€â”¼â”€â”€â”€â”€â”€â”€â”€â”€â”€â”¤
â”‚ Timeout               â”‚ [92mSUCCESS[0m â”‚         â”‚
â•˜â•â•â•â•â•â•â•â•â•â•â•â•â•â•â•â•â•â•â•â•â•â•â•â•§â•â•â•â•â•â•â•â•â•â•§â•â•â•â•â•â•â•â•â•â•›

[1m> Registering the route statistics[0m
_cleanup() started
_cleanup() unsetting sync mode
manager.cleanup()
CarlaDataProvider.cleanup()
_agent_watchdog.stop()
agent_instance.destroy()
_cleanup() finished

[1m========= Preparing RouteScenario_24 (repetition 0) =========
> Setting up the agent[0m
SAVE_PATH set to /results/viz/RouteScenario_24_0
/model/model_seed2_39.pth
Using cached model /model/model_seed2_39.pth
/model/model_seed1_39.pth
Using cached model /model/model_seed1_39.pth
/model/model_seed3_37.pth
Using cached model /model/model_seed3_37.pth
Model cache is already frozen.
[1m> Loading the world[0m
Loading town Town05
Actor amount: 120
[1m> Enabling ego headlights[0m
[1m> Running the route[0m

[91mError during the simulation:
> A sensor took too long to send their data[0m

Traceback (most recent call last):
  File "/transfuser/leaderboard/leaderboard/envs/sensor_interface.py", line 236, in get_data
    sensor_data = self._new_data_buffers.get(True, self._queue_timeout)
  File "/opt/conda/envs/tfuse/lib/python3.7/queue.py", line 178, in get
    raise Empty
_queue.Empty

During handling of the above exception, another exception occurred:

Traceback (most recent call last):
  File "/transfuser/leaderboard/leaderboard/scenarios/scenario_manager_local.py", line 152, in _tick_scenario
    ego_action = self._agent()
  File "/transfuser/leaderboard/leaderboard/autoagents/agent_wrapper_local.py", line 84, in __call__
    return self._agent()
  File "/transfuser/leaderboard/leaderboard/autoagents/autonomous_agent.py", line 104, in __call__
    input_data = self.sensor_interface.get_data()
  File "/transfuser/leaderboard/leaderboard/envs/sensor_interface.py", line 241, in get_data
    raise SensorReceivedNoData("A sensor took too long to send their data")
leaderboard.envs.sensor_interface.SensorReceivedNoData: A sensor took too long to send their data

During handling of the above exception, another exception occurred:

Traceback (most recent call last):
  File "./leaderboard/leaderboard/leaderboard_evaluator_local.py", line 372, in _load_and_run_scenario
    self.manager.run_scenario()
  File "/transfuser/leaderboard/leaderboard/scenarios/scenario_manager_local.py", line 136, in run_scenario
    self._tick_scenario(timestamp)
  File "/transfuser/leaderboard/leaderboard/scenarios/scenario_manager_local.py", line 156, in _tick_scenario
    raise RuntimeError(e)
RuntimeError: A sensor took too long to send their data
[1m> Stopping the route[0m
Starting at 2023-06-07 07:23:12

EVALUATION: town05
ROUTES: ./leaderboard/data/town05_long/routes_town05_long.xml
SCENARIOS: ./leaderboard/data/town05_long/town05_all_scenarios.json
CHECKPOINT_ENDPOINT: /results/town05.json

Environment:
ACTOR_AMOUNT=town
CARLA_ROOT=carla
CARLA_SERVER=carla/CarlaUE4.sh
CHALLENGE_TRACK_CODENAME=SENSORS
CHECKPOINT_ENDPOINT=/results/town05.json
CONDA_DEFAULT_ENV=tfuse
CONDA_EXE=/opt/conda/bin/conda
CONDA_PREFIX=/opt/conda/envs/tfuse
CONDA_PREFIX_1=/opt/conda
CONDA_PROMPT_MODIFIER=(tfuse) 
CONDA_PYTHON_EXE=/opt/conda/bin/python
CONDA_ROOT=/opt/conda
CONDA_SHLVL=2
CUDA_VERSION=11.3.1
DATAGEN=0
DEBUG_CHALLENGE=0
EVALUATION=town05
HOME=/root
HOSTNAME=8fadea789217
LC_CTYPE=C.UTF-8
LD_LIBRARY_PATH=/usr/local/nvidia/lib:/usr/local/nvidia/lib64
LEADERBOARD_ROOT=./leaderboard
NCCL_VERSION=2.9.9-1
NVARCH=x86_64
NVIDIA_DRIVER_CAPABILITIES=compute,utility
NVIDIA_PRODUCT_NAME=CUDA
NVIDIA_REQUIRE_CUDA=cuda>=11.3 brand=tesla,driver>=418,driver<419 driver>=450
NVIDIA_VISIBLE_DEVICES=0
NV_CUDA_COMPAT_PACKAGE=cuda-compat-11-3
NV_CUDA_CUDART_VERSION=11.3.109-1
NV_CUDA_LIB_VERSION=11.3.1-1
NV_CUDNN_PACKAGE=libcudnn8=8.2.0.53-1+cuda11.3
NV_CUDNN_PACKAGE_NAME=libcudnn8
NV_CUDNN_VERSION=8.2.0.53
NV_LIBCUBLAS_PACKAGE=libcublas-11-3=11.5.1.109-1
NV_LIBCUBLAS_PACKAGE_NAME=libcublas-11-3
NV_LIBCUBLAS_VERSION=11.5.1.109-1
NV_LIBCUSPARSE_VERSION=11.6.0.109-1
NV_LIBNCCL_PACKAGE=libnccl2=2.9.9-1+cuda11.3
NV_LIBNCCL_PACKAGE_NAME=libnccl2
NV_LIBNCCL_PACKAGE_VERSION=2.9.9-1
NV_LIBNPP_PACKAGE=libnpp-11-3=11.3.3.95-1
NV_LIBNPP_VERSION=11.3.3.95-1
NV_NVTX_VERSION=11.3.109-1
PATH=/opt/conda/envs/tfuse/bin:/opt/conda/condabin:/opt/conda/bin:/usr/local/nvidia/bin:/usr/local/cuda/bin:/usr/local/sbin:/usr/local/bin:/usr/sbin:/usr/bin:/sbin:/bin
PWD=/transfuser
PYTHONPATH=carla/PythonAPI/carla/:./scenario_runner:./leaderboard::carla/PythonAPI:carla/PythonAPI/carla:carla/PythonAPI/carla/dist/carla-0.9.14-py3.7-linux-x86_64.egg
PYTHONUNBUFFERED=1
REPETITIONS=1
RESUME=1
ROUTES=./leaderboard/data/town05_long/routes_town05_long.xml
SAVE_PATH=/results/viz
SCENARIOS=./leaderboard/data/town05_long/town05_all_scenarios.json
SCENARIO_RUNNER_ROOT=./scenario_runner
SHLVL=2
TEAM_AGENT=./team_code_transfuser/submission_agent.py
TEAM_CONFIG=/model
TRANSFUSER_DAYTIME_HEADLIGHTS=1
WORK_DIR=.
_=/usr/bin/env
_CE_CONDA=
_CE_M=
---------------------

./leaderboard/leaderboard/leaderboard_evaluator_local.py:92: DeprecationWarning: distutils Version classes are deprecated. Use packaging.version instead.
  if LooseVersion(dist.version) < LooseVersion('0.9.14'):

[1m========= Preparing RouteScenario_24 (repetition 0) =========
> Setting up the agent[0m
SAVE_PATH set to /results/viz/RouteScenario_24_0
/model/model_seed2_39.pth
Loading model /model/model_seed2_39.pth
/model/model_seed1_39.pth
Loading model /model/model_seed1_39.pth
/model/model_seed3_37.pth
Loading model /model/model_seed3_37.pth
Freezing model cache.
[1m> Loading the world[0m
Loading town Town05
Actor amount: 120
[1m> Enabling ego headlights[0m
[1m> Running the route[0m
/opt/conda/envs/tfuse/lib/python3.7/site-packages/mmdet/models/utils/gaussian_target.py:227: UserWarning: __floordiv__ is deprecated, and its behavior will change in a future version of pytorch. It currently rounds toward 0 (like the 'trunc' function NOT 'floor'). This results in incorrect rounding for negative values. To keep the current behavior, use torch.div(a, b, rounding_mode='trunc'), or for actual floor division, use torch.div(a, b, rounding_mode='floor').
  topk_clses = topk_inds // (height * width)
/opt/conda/envs/tfuse/lib/python3.7/site-packages/mmdet/models/utils/gaussian_target.py:229: UserWarning: __floordiv__ is deprecated, and its behavior will change in a future version of pytorch. It currently rounds toward 0 (like the 'trunc' function NOT 'floor'). This results in incorrect rounding for negative values. To keep the current behavior, use torch.div(a, b, rounding_mode='trunc'), or for actual floor division, use torch.div(a, b, rounding_mode='floor').
  topk_ys = topk_inds // width
Detected agent being stuck. Move for frame:  0
Detected agent being stuck. Move for frame:  1
Detected agent being stuck. Move for frame:  2
Detected agent being stuck. Move for frame:  3
Detected agent being stuck. Move for frame:  4
Detected agent being stuck. Move for frame:  5
Detected agent being stuck. Move for frame:  6
Detected agent being stuck. Move for frame:  7
Detected agent being stuck. Move for frame:  8
Detected agent being stuck. Move for frame:  9
Detected agent being stuck. Move for frame:  10
Detected agent being stuck. Move for frame:  11
Detected object directly in front of the vehicle. Stopping. Step: 18949
Detected agent being stuck. Move for frame:  12
Detected object directly in front of the vehicle. Stopping. Step: 18951
Detected agent being stuck. Move for frame:  13
Detected object directly in front of the vehicle. Stopping. Step: 18953
Detected agent being stuck. Move for frame:  14
Detected object directly in front of the vehicle. Stopping. Step: 18955
[1m> Stopping the route[0m

[1m========= Results of RouteScenario_24 (repetition 0) ------ [91mFAILURE[0m [1m=========[0m

â•’â•â•â•â•â•â•â•â•â•â•â•â•â•â•â•â•â•â•â•â•â•â•â•â•â•â•â•â•â•â•â•â•â•â•¤â•â•â•â•â•â•â•â•â•â•â•â•â•â•â•â•â•â•â•â•â•â••
â”‚ Start Time                      â”‚ 2023-06-07 07:30:27 â”‚
â”œâ”€â”€â”€â”€â”€â”€â”€â”€â”€â”€â”€â”€â”€â”€â”€â”€â”€â”€â”€â”€â”€â”€â”€â”€â”€â”€â”€â”€â”€â”€â”€â”€â”€â”¼â”€â”€â”€â”€â”€â”€â”€â”€â”€â”€â”€â”€â”€â”€â”€â”€â”€â”€â”€â”€â”€â”¤
â”‚ End Time                        â”‚ 2023-06-07 09:54:57 â”‚
â”œâ”€â”€â”€â”€â”€â”€â”€â”€â”€â”€â”€â”€â”€â”€â”€â”€â”€â”€â”€â”€â”€â”€â”€â”€â”€â”€â”€â”€â”€â”€â”€â”€â”€â”¼â”€â”€â”€â”€â”€â”€â”€â”€â”€â”€â”€â”€â”€â”€â”€â”€â”€â”€â”€â”€â”€â”¤
â”‚ Duration (System Time)          â”‚ 8670.02s            â”‚
â”œâ”€â”€â”€â”€â”€â”€â”€â”€â”€â”€â”€â”€â”€â”€â”€â”€â”€â”€â”€â”€â”€â”€â”€â”€â”€â”€â”€â”€â”€â”€â”€â”€â”€â”¼â”€â”€â”€â”€â”€â”€â”€â”€â”€â”€â”€â”€â”€â”€â”€â”€â”€â”€â”€â”€â”€â”¤
â”‚ Duration (Game Time)            â”‚ 1464.8s             â”‚
â”œâ”€â”€â”€â”€â”€â”€â”€â”€â”€â”€â”€â”€â”€â”€â”€â”€â”€â”€â”€â”€â”€â”€â”€â”€â”€â”€â”€â”€â”€â”€â”€â”€â”€â”¼â”€â”€â”€â”€â”€â”€â”€â”€â”€â”€â”€â”€â”€â”€â”€â”€â”€â”€â”€â”€â”€â”¤
â”‚ Ratio (System Time / Game Time) â”‚ 0.169               â”‚
â•˜â•â•â•â•â•â•â•â•â•â•â•â•â•â•â•â•â•â•â•â•â•â•â•â•â•â•â•â•â•â•â•â•â•â•§â•â•â•â•â•â•â•â•â•â•â•â•â•â•â•â•â•â•â•â•â•â•›

â•’â•â•â•â•â•â•â•â•â•â•â•â•â•â•â•â•â•â•â•â•â•â•â•â•¤â•â•â•â•â•â•â•â•â•â•¤â•â•â•â•â•â•â•â•â•â••
â”‚ Criterion             â”‚ Result  â”‚ Value   â”‚
â”œâ”€â”€â”€â”€â”€â”€â”€â”€â”€â”€â”€â”€â”€â”€â”€â”€â”€â”€â”€â”€â”€â”€â”€â”¼â”€â”€â”€â”€â”€â”€â”€â”€â”€â”¼â”€â”€â”€â”€â”€â”€â”€â”€â”€â”¤
â”‚ RouteCompletionTest   â”‚ [92mSUCCESS[0m â”‚ 100 %   â”‚
â”œâ”€â”€â”€â”€â”€â”€â”€â”€â”€â”€â”€â”€â”€â”€â”€â”€â”€â”€â”€â”€â”€â”€â”€â”¼â”€â”€â”€â”€â”€â”€â”€â”€â”€â”¼â”€â”€â”€â”€â”€â”€â”€â”€â”€â”¤
â”‚ OutsideRouteLanesTest â”‚ [92mSUCCESS[0m â”‚ 0 %     â”‚
â”œâ”€â”€â”€â”€â”€â”€â”€â”€â”€â”€â”€â”€â”€â”€â”€â”€â”€â”€â”€â”€â”€â”€â”€â”¼â”€â”€â”€â”€â”€â”€â”€â”€â”€â”¼â”€â”€â”€â”€â”€â”€â”€â”€â”€â”¤
â”‚ CollisionTest         â”‚ [92mSUCCESS[0m â”‚ 0 times â”‚
â”œâ”€â”€â”€â”€â”€â”€â”€â”€â”€â”€â”€â”€â”€â”€â”€â”€â”€â”€â”€â”€â”€â”€â”€â”¼â”€â”€â”€â”€â”€â”€â”€â”€â”€â”¼â”€â”€â”€â”€â”€â”€â”€â”€â”€â”¤
â”‚ RunningRedLightTest   â”‚ [92mSUCCESS[0m â”‚ 0 times â”‚
â”œâ”€â”€â”€â”€â”€â”€â”€â”€â”€â”€â”€â”€â”€â”€â”€â”€â”€â”€â”€â”€â”€â”€â”€â”¼â”€â”€â”€â”€â”€â”€â”€â”€â”€â”¼â”€â”€â”€â”€â”€â”€â”€â”€â”€â”¤
â”‚ RunningStopTest       â”‚ [91mFAILURE[0m â”‚ 5 times â”‚
â”œâ”€â”€â”€â”€â”€â”€â”€â”€â”€â”€â”€â”€â”€â”€â”€â”€â”€â”€â”€â”€â”€â”€â”€â”¼â”€â”€â”€â”€â”€â”€â”€â”€â”€â”¼â”€â”€â”€â”€â”€â”€â”€â”€â”€â”¤
â”‚ InRouteTest           â”‚ [92mSUCCESS[0m â”‚         â”‚
â”œâ”€â”€â”€â”€â”€â”€â”€â”€â”€â”€â”€â”€â”€â”€â”€â”€â”€â”€â”€â”€â”€â”€â”€â”¼â”€â”€â”€â”€â”€â”€â”€â”€â”€â”¼â”€â”€â”€â”€â”€â”€â”€â”€â”€â”¤
â”‚ AgentBlockedTest      â”‚ [92mSUCCESS[0m â”‚         â”‚
â”œâ”€â”€â”€â”€â”€â”€â”€â”€â”€â”€â”€â”€â”€â”€â”€â”€â”€â”€â”€â”€â”€â”€â”€â”¼â”€â”€â”€â”€â”€â”€â”€â”€â”€â”¼â”€â”€â”€â”€â”€â”€â”€â”€â”€â”¤
â”‚ Timeout               â”‚ [92mSUCCESS[0m â”‚         â”‚
â•˜â•â•â•â•â•â•â•â•â•â•â•â•â•â•â•â•â•â•â•â•â•â•â•â•§â•â•â•â•â•â•â•â•â•â•§â•â•â•â•â•â•â•â•â•â•›

[1m> Registering the route statistics[0m
_cleanup() started
_cleanup() unsetting sync mode
manager.cleanup()
CarlaDataProvider.cleanup()
_agent_watchdog.stop()
agent_instance.destroy()
_cleanup() finished

[1m========= Preparing RouteScenario_25 (repetition 0) =========
> Setting up the agent[0m
SAVE_PATH set to /results/viz/RouteScenario_25_0
/model/model_seed2_39.pth
Using cached model /model/model_seed2_39.pth
/model/model_seed1_39.pth
Using cached model /model/model_seed1_39.pth
/model/model_seed3_37.pth
Using cached model /model/model_seed3_37.pth
Model cache is already frozen.
[1m> Loading the world[0m
Loading town Town05
Actor amount: 120
[1m> Enabling ego headlights[0m
[1m> Running the route[0m
Detected agent being stuck. Move for frame:  0
Detected agent being stuck. Move for frame:  1
Detected agent being stuck. Move for frame:  2
Detected agent being stuck. Move for frame:  3
Detected agent being stuck. Move for frame:  4
Detected agent being stuck. Move for frame:  5
Detected agent being stuck. Move for frame:  6
Detected agent being stuck. Move for frame:  7
Detected agent being stuck. Move for frame:  8
Detected agent being stuck. Move for frame:  9
Detected agent being stuck. Move for frame:  10
Detected agent being stuck. Move for frame:  11
Detected agent being stuck. Move for frame:  12
Detected agent being stuck. Move for frame:  13
Detected agent being stuck. Move for frame:  14
Detected agent being stuck. Move for frame:  0
Detected agent being stuck. Move for frame:  1
Detected agent being stuck. Move for frame:  2
Detected agent being stuck. Move for frame:  3
Detected agent being stuck. Move for frame:  4
Detected agent being stuck. Move for frame:  5
Detected agent being stuck. Move for frame:  6
Detected agent being stuck. Move for frame:  7
Detected agent being stuck. Move for frame:  8
Detected agent being stuck. Move for frame:  9
Detected agent being stuck. Move for frame:  10
Detected agent being stuck. Move for frame:  11
Detected agent being stuck. Move for frame:  12
Detected agent being stuck. Move for frame:  13
Detected agent being stuck. Move for frame:  14
[1m> Stopping the route[0m

[1m========= Results of RouteScenario_25 (repetition 0) ------ [91mFAILURE[0m [1m=========[0m

â•’â•â•â•â•â•â•â•â•â•â•â•â•â•â•â•â•â•â•â•â•â•â•â•â•â•â•â•â•â•â•â•â•â•â•¤â•â•â•â•â•â•â•â•â•â•â•â•â•â•â•â•â•â•â•â•â•â••
â”‚ Start Time                      â”‚ 2023-06-07 10:00:25 â”‚
â”œâ”€â”€â”€â”€â”€â”€â”€â”€â”€â”€â”€â”€â”€â”€â”€â”€â”€â”€â”€â”€â”€â”€â”€â”€â”€â”€â”€â”€â”€â”€â”€â”€â”€â”¼â”€â”€â”€â”€â”€â”€â”€â”€â”€â”€â”€â”€â”€â”€â”€â”€â”€â”€â”€â”€â”€â”¤
â”‚ End Time                        â”‚ 2023-06-07 12:12:01 â”‚
â”œâ”€â”€â”€â”€â”€â”€â”€â”€â”€â”€â”€â”€â”€â”€â”€â”€â”€â”€â”€â”€â”€â”€â”€â”€â”€â”€â”€â”€â”€â”€â”€â”€â”€â”¼â”€â”€â”€â”€â”€â”€â”€â”€â”€â”€â”€â”€â”€â”€â”€â”€â”€â”€â”€â”€â”€â”¤
â”‚ Duration (System Time)          â”‚ 7896.11s            â”‚
â”œâ”€â”€â”€â”€â”€â”€â”€â”€â”€â”€â”€â”€â”€â”€â”€â”€â”€â”€â”€â”€â”€â”€â”€â”€â”€â”€â”€â”€â”€â”€â”€â”€â”€â”¼â”€â”€â”€â”€â”€â”€â”€â”€â”€â”€â”€â”€â”€â”€â”€â”€â”€â”€â”€â”€â”€â”¤
â”‚ Duration (Game Time)            â”‚ 931.05s             â”‚
â”œâ”€â”€â”€â”€â”€â”€â”€â”€â”€â”€â”€â”€â”€â”€â”€â”€â”€â”€â”€â”€â”€â”€â”€â”€â”€â”€â”€â”€â”€â”€â”€â”€â”€â”¼â”€â”€â”€â”€â”€â”€â”€â”€â”€â”€â”€â”€â”€â”€â”€â”€â”€â”€â”€â”€â”€â”¤
â”‚ Ratio (System Time / Game Time) â”‚ 0.118               â”‚
â•˜â•â•â•â•â•â•â•â•â•â•â•â•â•â•â•â•â•â•â•â•â•â•â•â•â•â•â•â•â•â•â•â•â•â•§â•â•â•â•â•â•â•â•â•â•â•â•â•â•â•â•â•â•â•â•â•â•›

â•’â•â•â•â•â•â•â•â•â•â•â•â•â•â•â•â•â•â•â•â•â•â•â•â•¤â•â•â•â•â•â•â•â•â•â•¤â•â•â•â•â•â•â•â•â•â••
â”‚ Criterion             â”‚ Result  â”‚ Value   â”‚
â”œâ”€â”€â”€â”€â”€â”€â”€â”€â”€â”€â”€â”€â”€â”€â”€â”€â”€â”€â”€â”€â”€â”€â”€â”¼â”€â”€â”€â”€â”€â”€â”€â”€â”€â”¼â”€â”€â”€â”€â”€â”€â”€â”€â”€â”¤
â”‚ RouteCompletionTest   â”‚ [92mSUCCESS[0m â”‚ 100 %   â”‚
â”œâ”€â”€â”€â”€â”€â”€â”€â”€â”€â”€â”€â”€â”€â”€â”€â”€â”€â”€â”€â”€â”€â”€â”€â”¼â”€â”€â”€â”€â”€â”€â”€â”€â”€â”¼â”€â”€â”€â”€â”€â”€â”€â”€â”€â”¤
â”‚ OutsideRouteLanesTest â”‚ [92mSUCCESS[0m â”‚ 0 %     â”‚
â”œâ”€â”€â”€â”€â”€â”€â”€â”€â”€â”€â”€â”€â”€â”€â”€â”€â”€â”€â”€â”€â”€â”€â”€â”¼â”€â”€â”€â”€â”€â”€â”€â”€â”€â”¼â”€â”€â”€â”€â”€â”€â”€â”€â”€â”¤
â”‚ CollisionTest         â”‚ [91mFAILURE[0m â”‚ 2 times â”‚
â”œâ”€â”€â”€â”€â”€â”€â”€â”€â”€â”€â”€â”€â”€â”€â”€â”€â”€â”€â”€â”€â”€â”€â”€â”¼â”€â”€â”€â”€â”€â”€â”€â”€â”€â”¼â”€â”€â”€â”€â”€â”€â”€â”€â”€â”¤
â”‚ RunningRedLightTest   â”‚ [92mSUCCESS[0m â”‚ 0 times â”‚
â”œâ”€â”€â”€â”€â”€â”€â”€â”€â”€â”€â”€â”€â”€â”€â”€â”€â”€â”€â”€â”€â”€â”€â”€â”¼â”€â”€â”€â”€â”€â”€â”€â”€â”€â”¼â”€â”€â”€â”€â”€â”€â”€â”€â”€â”¤
â”‚ RunningStopTest       â”‚ [91mFAILURE[0m â”‚ 4 times â”‚
â”œâ”€â”€â”€â”€â”€â”€â”€â”€â”€â”€â”€â”€â”€â”€â”€â”€â”€â”€â”€â”€â”€â”€â”€â”¼â”€â”€â”€â”€â”€â”€â”€â”€â”€â”¼â”€â”€â”€â”€â”€â”€â”€â”€â”€â”¤
â”‚ InRouteTest           â”‚ [92mSUCCESS[0m â”‚         â”‚
â”œâ”€â”€â”€â”€â”€â”€â”€â”€â”€â”€â”€â”€â”€â”€â”€â”€â”€â”€â”€â”€â”€â”€â”€â”¼â”€â”€â”€â”€â”€â”€â”€â”€â”€â”¼â”€â”€â”€â”€â”€â”€â”€â”€â”€â”¤
â”‚ AgentBlockedTest      â”‚ [92mSUCCESS[0m â”‚         â”‚
â”œâ”€â”€â”€â”€â”€â”€â”€â”€â”€â”€â”€â”€â”€â”€â”€â”€â”€â”€â”€â”€â”€â”€â”€â”¼â”€â”€â”€â”€â”€â”€â”€â”€â”€â”¼â”€â”€â”€â”€â”€â”€â”€â”€â”€â”¤
â”‚ Timeout               â”‚ [92mSUCCESS[0m â”‚         â”‚
â•˜â•â•â•â•â•â•â•â•â•â•â•â•â•â•â•â•â•â•â•â•â•â•â•â•§â•â•â•â•â•â•â•â•â•â•§â•â•â•â•â•â•â•â•â•â•›

[1m> Registering the route statistics[0m
_cleanup() started
_cleanup() unsetting sync mode
manager.cleanup()
CarlaDataProvider.cleanup()
_agent_watchdog.stop()
agent_instance.destroy()
_cleanup() finished
[1m> Registering the global statistics[0m
_cleanup() started
_cleanup() unsetting sync mode
manager.cleanup()
CarlaDataProvider.cleanup()
_agent_watchdog.stop()
_cleanup() finished

Finished at 2023-06-07 12:12:02

